exports[`<Login /> renders without crashing 1`] = `
ShallowWrapper {
  "complexSelector": ComplexSelector {
    "buildPredicate": [Function],
    "childrenOfNode": [Function],
    "findWhereUnwrapped": [Function],
  },
  "length": 1,
  "node": <div
    className="login-container">
    <form
        onSubmit={[Function]}>
        <input
            name="username"
            onChange={[Function]}
            type="text"
            value="Luke Skywalker" />
        <input
            name="password"
            onChange={[Function]}
            type="password"
            value="19BBY" />
        <input
            type="submit"
            value="Login" />
    </form>
</div>,
  "nodes": Array [
    <div
      className="login-container">
      <form
            onSubmit={[Function]}>
            <input
                  name="username"
                  onChange={[Function]}
                  type="text"
                  value="Luke Skywalker" />
            <input
                  name="password"
                  onChange={[Function]}
                  type="password"
                  value="19BBY" />
            <input
                  type="submit"
                  value="Login" />
      </form>
</div>,
  ],
  "options": Object {},
  "renderer": ReactShallowRenderer {
    "_instance": ShallowComponentWrapper {
      "_calledComponentWillUnmount": false,
      "_compositeType": 0,
      "_context": Object {},
      "_currentElement": <LoginContainer />,
      "_debugID": 1,
      "_hostContainerInfo": null,
      "_hostParent": null,
      "_instance": LoginContainer {
        "_reactInternalInstance": [Circular],
        "context": Object {},
        "handleChange": [Function],
        "props": Object {},
        "refs": Object {},
        "state": Object {
          "password": "19BBY",
          "username": "Luke Skywalker",
        },
        "submitForm": [Function],
        "updater": Object {
          "enqueueCallback": [Function],
          "enqueueCallbackInternal": [Function],
          "enqueueElementInternal": [Function],
          "enqueueForceUpdate": [Function],
          "enqueueReplaceState": [Function],
          "enqueueSetState": [Function],
          "isMounted": [Function],
          "validateCallback": [Function],
        },
      },
      "_mountOrder": 1,
      "_pendingCallbacks": null,
      "_pendingElement": null,
      "_pendingForceUpdate": false,
      "_pendingReplaceState": false,
      "_pendingStateQueue": null,
      "_renderedComponent": NoopInternalComponent {
        "_currentElement": <div
          className="login-container">
          <form
                    onSubmit={[Function]}>
                    <input
                              name="username"
                              onChange={[Function]}
                              type="text"
                              value="Luke Skywalker" />
                    <input
                              name="password"
                              onChange={[Function]}
                              type="password"
                              value="19BBY" />
                    <input
                              type="submit"
                              value="Login" />
          </form>
</div>,
        "_debugID": 2,
        "_renderedOutput": <div
          className="login-container">
          <form
                    onSubmit={[Function]}>
                    <input
                              name="username"
                              onChange={[Function]}
                              type="text"
                              value="Luke Skywalker" />
                    <input
                              name="password"
                              onChange={[Function]}
                              type="password"
                              value="19BBY" />
                    <input
                              type="submit"
                              value="Login" />
          </form>
</div>,
      },
      "_renderedNodeType": 0,
      "_rootNodeID": 0,
      "_topLevelWrapper": null,
      "_updateBatchNumber": null,
      "_warnedAboutRefsInRender": false,
    },
    "getRenderOutput": [Function],
    "render": [Function],
  },
  "root": [Circular],
  "unrendered": <LoginContainer />,
}
`;
